// Jest Snapshot v1, https://goo.gl/fbAQLP

exports[`Test <RemoveComponent/> should render with base structure 1`] = `
<button
  aria-label="Tag at index 0 with value Tags focussed. Press backspace to remove"
  onClick={[Function]}
  onKeyDown={[Function]}
  type="button"
>
  Ã—
</button>
`;
